// Jest Snapshot v1, https://goo.gl/fbAQLP

exports[`Test CommentItem component Should match its snapshot 1`] = `
<div
  className="box"
>
  <div
    className="media-content"
  >
    <div
      className="content"
    >
      <p>
        <strong>
          title
        </strong>
         
        <small>
          @john doe
        </small>
         
        <small>
          31m
        </small>
        <br />
        body
      </p>
    </div>
  </div>
</div>
`;
